mode: set
github.com/duxweb/go-lock/examples/memory/main.go:11.13,25.2 6 0
github.com/duxweb/go-lock/examples/memory/main.go:27.53,36.26 5 0
github.com/duxweb/go-lock/examples/memory/main.go:36.26,38.16 2 0
github.com/duxweb/go-lock/examples/memory/main.go:38.16,39.42 1 0
github.com/duxweb/go-lock/examples/memory/main.go:39.42,42.5 2 0
github.com/duxweb/go-lock/examples/memory/main.go:43.4,43.31 1 0
github.com/duxweb/go-lock/examples/memory/main.go:47.3,55.27 6 0
github.com/duxweb/go-lock/examples/memory/main.go:55.27,57.4 1 0
github.com/duxweb/go-lock/examples/memory/main.go:57.9,59.4 1 0
github.com/duxweb/go-lock/examples/memory/main.go:60.8,62.3 1 0
github.com/duxweb/go-lock/examples/memory/main.go:65.58,70.26 3 0
github.com/duxweb/go-lock/examples/memory/main.go:70.26,72.13 2 0
github.com/duxweb/go-lock/examples/memory/main.go:72.13,77.26 3 0
github.com/duxweb/go-lock/examples/memory/main.go:77.26,85.42 4 0
github.com/duxweb/go-lock/examples/memory/main.go:85.42,88.6 2 0
github.com/duxweb/go-lock/examples/memory/main.go:89.5,89.71 1 0
github.com/duxweb/go-lock/examples/memory/main.go:90.10,92.5 1 0
github.com/duxweb/go-lock/examples/memory/main.go:97.2,97.30 1 0
github.com/duxweb/go-lock/examples/redis/main.go:12.13,18.55 3 0
github.com/duxweb/go-lock/examples/redis/main.go:18.55,20.3 1 0
github.com/duxweb/go-lock/examples/redis/main.go:21.2,21.59 1 0
github.com/duxweb/go-lock/examples/redis/main.go:21.59,23.3 1 0
github.com/duxweb/go-lock/examples/redis/main.go:26.2,32.16 2 0
github.com/duxweb/go-lock/examples/redis/main.go:32.16,35.3 2 0
github.com/duxweb/go-lock/examples/redis/main.go:38.2,46.40 5 0
github.com/duxweb/go-lock/examples/redis/main.go:49.53,58.26 5 0
github.com/duxweb/go-lock/examples/redis/main.go:58.26,60.16 2 0
github.com/duxweb/go-lock/examples/redis/main.go:60.16,61.42 1 0
github.com/duxweb/go-lock/examples/redis/main.go:61.42,64.5 2 0
github.com/duxweb/go-lock/examples/redis/main.go:65.4,65.31 1 0
github.com/duxweb/go-lock/examples/redis/main.go:69.3,77.27 6 0
github.com/duxweb/go-lock/examples/redis/main.go:77.27,79.4 1 0
github.com/duxweb/go-lock/examples/redis/main.go:79.9,81.4 1 0
github.com/duxweb/go-lock/examples/redis/main.go:82.8,84.3 1 0
github.com/duxweb/go-lock/examples/redis/main.go:87.59,96.25 5 0
github.com/duxweb/go-lock/examples/redis/main.go:96.25,105.7 6 0
github.com/duxweb/go-lock/examples/redis/main.go:105.7,108.4 2 0
github.com/duxweb/go-lock/examples/redis/main.go:109.8,114.25 3 0
github.com/duxweb/go-lock/examples/redis/main.go:114.25,122.41 4 0
github.com/duxweb/go-lock/examples/redis/main.go:122.41,125.5 2 0
github.com/duxweb/go-lock/examples/redis/main.go:126.4,126.31 1 0
github.com/duxweb/go-lock/examples/redis/main.go:127.9,129.4 1 0
github.com/duxweb/go-lock/main.go:15.40,19.2 1 1
github.com/duxweb/go-lock/main.go:23.68,25.2 1 1
github.com/duxweb/go-lock/drivers/memory.go:18.40,22.2 1 1
github.com/duxweb/go-lock/drivers/memory.go:26.80,32.2 1 1
github.com/duxweb/go-lock/drivers/memory.go:52.52,53.6 1 1
github.com/duxweb/go-lock/drivers/memory.go:53.6,60.46 5 1
github.com/duxweb/go-lock/drivers/memory.go:60.46,65.4 4 1
github.com/duxweb/go-lock/drivers/memory.go:66.3,68.12 2 1
github.com/duxweb/go-lock/drivers/memory.go:68.12,70.4 1 1
github.com/duxweb/go-lock/drivers/memory.go:71.3,71.37 1 1
github.com/duxweb/go-lock/drivers/memory.go:77.44,79.9 2 1
github.com/duxweb/go-lock/drivers/memory.go:79.9,81.3 1 1
github.com/duxweb/go-lock/drivers/memory.go:82.2,85.18 4 1
github.com/duxweb/go-lock/drivers/memory.go:85.18,87.3 1 1
github.com/duxweb/go-lock/drivers/memory.go:88.2,89.12 2 1
github.com/duxweb/go-lock/drivers/redis.go:37.65,43.24 4 1
github.com/duxweb/go-lock/drivers/redis.go:43.24,45.3 1 1
github.com/duxweb/go-lock/drivers/redis.go:45.8,53.3 1 1
github.com/duxweb/go-lock/drivers/redis.go:55.2,55.47 1 1
github.com/duxweb/go-lock/drivers/redis.go:55.47,57.3 1 1
github.com/duxweb/go-lock/drivers/redis.go:59.2,62.8 1 1
github.com/duxweb/go-lock/drivers/redis.go:67.79,75.2 1 1
github.com/duxweb/go-lock/drivers/redis.go:89.53,90.20 1 1
github.com/duxweb/go-lock/drivers/redis.go:90.20,92.3 1 1
github.com/duxweb/go-lock/drivers/redis.go:93.2,93.29 1 1
github.com/duxweb/go-lock/drivers/redis.go:98.51,103.6 4 1
github.com/duxweb/go-lock/drivers/redis.go:103.6,109.30 5 1
github.com/duxweb/go-lock/drivers/redis.go:109.30,112.4 2 1
github.com/duxweb/go-lock/drivers/redis.go:114.3,114.42 1 1
github.com/duxweb/go-lock/drivers/redis.go:114.42,116.4 1 1
github.com/duxweb/go-lock/drivers/redis.go:118.3,118.66 1 1
github.com/duxweb/go-lock/drivers/redis.go:124.43,128.9 3 1
github.com/duxweb/go-lock/drivers/redis.go:128.9,130.3 1 1
github.com/duxweb/go-lock/drivers/redis.go:132.2,146.16 6 1
github.com/duxweb/go-lock/drivers/redis.go:146.16,148.3 1 0
github.com/duxweb/go-lock/drivers/redis.go:150.2,150.12 1 1
